╭──────────────────────────────────────────────────────────────────────────────╮
│ CHAINVIEW                                                  ⛽ gas: cargando… │
│ ──────────────────────────────────────────────────────────────────────────── │
│   Cuentas    Balances    Transacciones                                       │
│ ──────────────────────────────────────────────────────────────────────────── │
│                                                                              │
│                                                                              │
│                                                                              │
│                                                                              │
│                                                                              │
│                                                                              │
│                                ◯  Sin wallets                                │
│                                                                              │
│               Añádelas en la pestaña Cuentas para ver balances               │
│                                                                              │
│                                                                              │
│                                                                              │
│                                                                              │
│                                                                              │
│                                                                              │
│                                                                              │
│ ──────────────────────────────────────────────────────────────────────────── │
│ ⟳ cargando…   y copiar · o abrir · s ordenar · f filtrar · ? ayuda · q salir │
╰──────────────────────────────────────────────────────────────────────────────╯