╭──────────────────────────────────────────────────────────────────────────────╮
│ CHAINVIEW                                                   ⛽ gas: loading… │
│ ──────────────────────────────────────────────────────────────────────────── │
│   Accounts    Balances    Transactions                                       │
│ ──────────────────────────────────────────────────────────────────────────── │
│                                                                              │
│                                                                              │
│                                                                              │
│                                                                              │
│                                                                              │
│                                                                              │
│                                ◯  No wallets                                 │
│                                                                              │
│                 Add some in the Accounts tab to see balances                 │
│                                                                              │
│                                                                              │
│                                                                              │
│                                                                              │
│                                                                              │
│                                                                              │
│                                                                              │
│ ──────────────────────────────────────────────────────────────────────────── │
│ ⟳ loading…  y copy · o open · s sort · f filter · e export · ? help · q quit │
╰──────────────────────────────────────────────────────────────────────────────╯