╭──────────────────────────────────────────────────────────────────────────────╮
│ CHAINVIEW                                                   ⛽ gas: loading… │
│ ──────────────────────────────────────────────────────────────────────────── │
│   Accounts    Balances    Transactions                                       │
│ ──────────────────────────────────────────────────────────────────────────── │
│ >                                                                            │
│                                                                              │
│ No wallets — type an address (0x…) or ENS name and press Enter.              │
│                                                                              │
│                                                                              │
│                                                                              │
│                                                                              │
│                                                                              │
│                                                                              │
│                                                                              │
│                                                                              │
│                                                                              │
│                                                                              │
│                                                                              │
│                                                                              │
│                                                                              │
│ ──────────────────────────────────────────────────────────────────────────── │
│ ⟳ loading…               enter detail · ctrl+d delete · ? help · ctrl+c quit │
╰──────────────────────────────────────────────────────────────────────────────╯