╭──────────────────────────────────────────────────────────────────────────────╮
│ CHAINVIEW                                                  ⛽ gas: cargando… │
│ ──────────────────────────────────────────────────────────────────────────── │
│   Cuentas    Balances    Transacciones                                       │
│ ──────────────────────────────────────────────────────────────────────────── │
│ >                                                                            │
│                                                                              │
│ Sin wallets — escribe una address (0x…) o un nombre ENS y pulsa Enter.       │
│                                                                              │
│                                                                              │
│                                                                              │
│                                                                              │
│                                                                              │
│                                                                              │
│                                                                              │
│                                                                              │
│                                                                              │
│                                                                              │
│                                                                              │
│                                                                              │
│                                                                              │
│ ──────────────────────────────────────────────────────────────────────────── │
│ ⟳ cargando…           enter detalle · ctrl+d borrar · ? ayuda · ctrl+c salir │
╰──────────────────────────────────────────────────────────────────────────────╯