                                        
                                        
                                        
               chainview                
                                        
          Enlarge the terminal          
          (min. 60×18)                  
                                        
                                        
                                        