                                        
                                        
                                        
               chainview                
                                        
           Amplía la terminal           
           (mín. 60×18)                 
                                        
                                        
                                        