╭──────────────────────────────────────────────────────────────────────────────╮
│ CHAINVIEW                                                   ⛽ gas: loading… │
│ ──────────────────────────────────────────────────────────────────────────── │
│   Accounts    Balances    Transactions                                       │
│ ──────────────────────────────────────────────────────────────────────────── │
│               ╭──────────────────────────────────────────────╮               │
│               │                                              │               │
│               │  ⚙  Debug / metrics                          │               │
│               │                                              │               │
│               │  RPC cache                                   │               │
│               │    (no client)       —                       │               │
│               │                                              │               │
│               │  Session                                     │               │
│               │    Active networks   7 / 0                   │               │
│               │    Wallets           0                       │               │
│               │    Load generation   0                       │               │
│               │    Theme                                     │               │
│               │    Terminal          80×24  (content 76×16)  │               │
│               │  ctrl+g or esc to close                      │               │
│               │                                              │               │
│               ╰──────────────────────────────────────────────╯               │
│ ──────────────────────────────────────────────────────────────────────────── │
│ ⟳ loading…  y copy · o open · s sort · f filter · e export · ? help · q quit │
╰──────────────────────────────────────────────────────────────────────────────╯