╭──────────────────────────────────────────────────────────────────────────────╮
│ CHAINVIEW                                                  ⛽ gas: cargando… │
│ ──────────────────────────────────────────────────────────────────────────── │
│   Cuentas    Balances    Transacciones                                       │
│ ──────────────────────────────────────────────────────────────────────────── │
│              ╭────────────────────────────────────────────────╮              │
│              │                                                │              │
│              │  ⚙  Debug / métricas                           │              │
│              │                                                │              │
│              │  Caché RPC                                     │              │
│              │    (sin cliente)     —                         │              │
│              │                                                │              │
│              │  Sesión                                        │              │
│              │    Redes activas     7 / 0                     │              │
│              │    Wallets           0                         │              │
│              │    Generación carga  0                         │              │
│              │    Tema                                        │              │
│              │    Terminal          80×24  (contenido 76×16)  │              │
│              │  ctrl+g o esc para cerrar                      │              │
│              │                                                │              │
│              ╰────────────────────────────────────────────────╯              │
│ ──────────────────────────────────────────────────────────────────────────── │
│ ⟳ cargando…   y copiar · o abrir · s ordenar · f filtrar · ? ayuda · q salir │
╰──────────────────────────────────────────────────────────────────────────────╯