╭──────────────────────────────────────────────────────────────────────────────╮
│ CHAINVIEW                                                   ⛽ gas: loading… │
│ ──────────────────────────────────────────────────────────────────────────── │
│   Accounts    Balances    Transactions                                       │
│ ──────────────────────────────────────────────────────────────────────────── │
│                                                                              │
│                                                                              │
│                                                                              │
│                                                                              │
│                                                                              │
│                                                                              │
│                                ◯  No wallets                                 │
│                                                                              │
│            Add some in the Accounts tab to see their transactions            │
│                                                                              │
│                                                                              │
│                                                                              │
│                                                                              │
│                                                                              │
│                                                                              │
│                                                                              │
│ ──────────────────────────────────────────────────────────────────────────── │
│ ⟳ loading…         enter detail · y copy · o open · s sort · ? help · q quit │
╰──────────────────────────────────────────────────────────────────────────────╯