╭──────────────────────────────────────────────────────────────────────────────╮
│ CHAINVIEW                                                  ⛽ gas: cargando… │
│ ──────────────────────────────────────────────────────────────────────────── │
│   Cuentas    Balances    Transacciones                                       │
│ ──────────────────────────────────────────────────────────────────────────── │
│                                                                              │
│                                                                              │
│                                                                              │
│                                                                              │
│                                                                              │
│                                                                              │
│                                ◯  Sin wallets                                │
│                                                                              │
│          Añádelas en la pestaña Cuentas para ver sus transacciones           │
│                                                                              │
│                                                                              │
│                                                                              │
│                                                                              │
│                                                                              │
│                                                                              │
│                                                                              │
│ ──────────────────────────────────────────────────────────────────────────── │
│ ⟳ cargando…           enter detalle · y copiar · o abrir · ? ayuda · q salir │
╰──────────────────────────────────────────────────────────────────────────────╯